   Compiling debashl v0.1.0 (/home/llm/src/sh2perl)
warning: unused import: `Token`
    --> src/parser/commands.rs:1601:31
     |
1601 |     use crate::lexer::{Lexer, Token};
     |                               ^^^^^
     |
     = note: `#[warn(unused_imports)]` (part of `#[warn(unused)]`) on by default

warning: unused import: `std::collections::HashMap`
 --> src/generator/redirects.rs:4:5
  |
4 | use std::collections::HashMap;
  |     ^^^^^^^^^^^^^^^^^^^^^^^^^

warning: unused doc comment
   --> src/timeout_manager.rs:282:1
    |
282 | /// Global timeout manager instance
    | ^^^^^^^^^^^^^^^^^^^^^^^^^^^^^^^^^^^ rustdoc does not generate documentation for macro invocations
    |
    = help: to document an item produced by a macro, the macro must produce the documentation as part of its expansion
    = note: `#[warn(unused_doc_comments)]` (part of `#[warn(unused)]`) on by default

warning: value assigned to `newline_count` is never read
  --> src/parser/commands.rs:39:33
   |
39 |         let mut newline_count = 0;
   |                                 ^
   |
   = help: maybe it is overwritten before being read?
   = note: `#[warn(unused_assignments)]` (part of `#[warn(unused)]`) on by default

warning: value assigned to `newline_count` is never read
  --> src/parser/commands.rs:46:21
   |
46 |                     newline_count += 1;
   |                     ^^^^^^^^^^^^^^^^^^
   |
   = help: maybe it is overwritten before being read?

warning: variable does not need to be mutable
    --> src/parser/commands.rs:1604:9
     |
1604 |     let mut lexer = Lexer::new(text);
     |         ----^^^^^
     |         |
     |         help: remove this `mut`
     |
     = note: `#[warn(unused_mut)]` (part of `#[warn(unused)]`) on by default

warning: unused variable: `cmd2`
   --> src/generator/commands/pipeline_commands.rs:703:66
    |
703 |         if let (Command::Redirect(redirect_cmd), Command::Simple(cmd2)) =
    |                                                                  ^^^^ help: if this is intentional, prefix it with an underscore: `_cmd2`
    |
    = note: `#[warn(unused_variables)]` (part of `#[warn(unused)]`) on by default

warning: variable `head_max` is assigned to, but never used
    --> src/generator/commands/pipeline_commands.rs:1218:21
     |
1218 |                 let mut head_max = 10; // Default value
     |                     ^^^^^^^^^^^^
     |
     = note: consider using `_head_max` instead

warning: unused variable: `i`
    --> src/generator/commands/pipeline_commands.rs:1274:22
     |
1274 |                 for (i, command) in pipeline.commands[start_index..].iter().enumerate() {
     |                      ^ help: if this is intentional, prefix it with an underscore: `_i`

warning: unused variable: `j`
    --> src/generator/commands/pipeline_commands.rs:1294:34
     |
1294 | ...                   for (j, nested_command) in nested_pipeline.commands.iter().enumerate() {
     |                            ^ help: if this is intentional, prefix it with an underscore: `_j`

warning: value assigned to `head_max` is never read
    --> src/generator/commands/pipeline_commands.rs:1242:49
     |
1242 | ...                   head_max = num;
     |                       ^^^^^^^^^^^^^^
     |
     = help: maybe it is overwritten before being read?

warning: value assigned to `head_max` is never read
    --> src/generator/commands/pipeline_commands.rs:1237:53
     |
1237 | ...                   head_max = num;
     |                       ^^^^^^^^^^^^^^
     |
     = help: maybe it is overwritten before being read?

warning: value assigned to `head_max` is never read
    --> src/generator/commands/pipeline_commands.rs:1230:53
     |
1230 | ...                   head_max = num;
     |                       ^^^^^^^^^^^^^^
     |
     = help: maybe it is overwritten before being read?

warning: unused variable: `cmd`
   --> src/generator/commands/system_commands.rs:109:35
    |
109 |         Word::CommandSubstitution(cmd, _) => {
    |                                   ^^^ help: if this is intentional, prefix it with an underscore: `_cmd`

warning: unused variable: `path`
  --> src/generator/commands/basename.rs:13:17
   |
13 |     if let Some(path) = cmd.args.first() {
   |                 ^^^^ help: if this is intentional, prefix it with an underscore: `_path`

warning: unused variable: `input_var`
 --> src/generator/commands/comm.rs:7:5
  |
7 |     input_var: &str,
  |     ^^^^^^^^^ help: if this is intentional, prefix it with an underscore: `_input_var`

warning: variable does not need to be mutable
  --> src/generator/commands/find.rs:47:9
   |
47 |     let mut output = String::new();
   |         ----^^^^^^
   |         |
   |         help: remove this `mut`

warning: unused variable: `output`
  --> src/generator/commands/find.rs:47:9
   |
47 |     let mut output = String::new();
   |         ^^^^^^^^^^ help: if this is intentional, prefix it with an underscore: `_output`

warning: unused variable: `all_found_var`
   --> src/generator/commands/ls.rs:483:13
    |
483 |         let all_found_var = format!("ls_all_found_{}", generator.get_unique_id());
    |             ^^^^^^^^^^^^^ help: if this is intentional, prefix it with an underscore: `_all_found_var`

warning: unused variable: `all_found_var`
   --> src/generator/commands/ls.rs:484:13
    |
484 |         let all_found_var = format!("ls_all_found_{}", generator.get_unique_id());
    |             ^^^^^^^^^^^^^ help: if this is intentional, prefix it with an underscore: `_all_found_var`

warning: unused variable: `all_found_var`
   --> src/generator/commands/ls.rs:485:13
    |
485 |         let all_found_var = format!("ls_all_found_{}", generator.get_unique_id());
    |             ^^^^^^^^^^^^^ help: if this is intentional, prefix it with an underscore: `_all_found_var`

warning: variable `sort_by_time` is assigned to, but never used
   --> src/generator/commands/ls.rs:762:9
    |
762 |     let mut sort_by_time = false; // -t flag: sort by modification time
    |         ^^^^^^^^^^^^^^^^
    |
    = note: consider using `_sort_by_time` instead

warning: value assigned to `sort_by_time` is never read
   --> src/generator/commands/ls.rs:776:32
    |
776 |                         't' => sort_by_time = true,   // -t flag: sort by modification time
    |                                ^^^^^^^^^^^^^^^^^^^
    |
    = help: maybe it is overwritten before being read?

warning: unused variable: `literal`
   --> src/generator/utils.rs:154:59
    |
154 | ...                   Word::Literal(literal, _) => {
    |                                     ^^^^^^^ help: if this is intentional, prefix it with an underscore: `_literal`

warning: unused variable: `literal`
   --> src/generator/words.rs:668:59
    |
668 | ...                   Word::Literal(literal, _) => {
    |                                     ^^^^^^^ help: if this is intentional, prefix it with an underscore: `_literal`

warning: unused variable: `cmd_name`
   --> src/generator/words.rs:111:25
    |
111 |                     let cmd_name = generator.word_to_perl(&simple_cmd.name);
    |                         ^^^^^^^^ help: if this is intentional, prefix it with an underscore: `_cmd_name`

warning: unused variable: `indent1`
   --> src/generator/words.rs:968:33
    |
968 | ...                   let indent1 = "    ".to_string(); // 4 spaces for outer do block
    |                           ^^^^^^^ help: if this is intentional, prefix it with an underscore: `_indent1`

warning: unused variable: `indent1`
    --> src/generator/words.rs:1009:33
     |
1009 | ...                   let indent1 = "    ".to_string();
     |                           ^^^^^^^ help: if this is intentional, prefix it with an underscore: `_indent1`

warning: unused variable: `indent1`
    --> src/generator/words.rs:1050:33
     |
1050 | ...                   let indent1 = "    ".to_string();
     |                           ^^^^^^^ help: if this is intentional, prefix it with an underscore: `_indent1`

warning: unused variable: `indent1`
    --> src/generator/words.rs:1087:33
     |
1087 | ...                   let indent1 = "    ".to_string();
     |                           ^^^^^^^ help: if this is intentional, prefix it with an underscore: `_indent1`

warning: unused variable: `indent1`
    --> src/generator/words.rs:1126:33
     |
1126 | ...                   let indent1 = "    ".to_string();
     |                           ^^^^^^^ help: if this is intentional, prefix it with an underscore: `_indent1`

warning: unused variable: `s`
    --> src/generator/words.rs:1533:23
     |
1533 |         Word::Literal(s, _) => generator.perl_string_literal(word),
     |                       ^ help: if this is intentional, prefix it with an underscore: `_s`

warning: unused variable: `needs_exit_code`
   --> src/generator/mod.rs:217:13
    |
217 |         let needs_exit_code = self.needs_exit_code_tracking(ast);
    |             ^^^^^^^^^^^^^^^ help: if this is intentional, prefix it with an underscore: `_needs_exit_code`

warning: unused variable: `needs_ipc_open3`
   --> src/generator/mod.rs:218:13
    |
218 |         let needs_ipc_open3 = self.needs_ipc_open3(ast);
    |             ^^^^^^^^^^^^^^^ help: if this is intentional, prefix it with an underscore: `_needs_ipc_open3`

warning: unused variable: `operation_handle`
   --> src/timeout_manager.rs:151:13
    |
151 |         let operation_handle = thread::spawn(move || {
    |             ^^^^^^^^^^^^^^^^ help: if this is intentional, prefix it with an underscore: `_operation_handle`

warning: unused variable: `operation_handle`
   --> src/timeout_manager.rs:194:13
    |
194 |         let operation_handle = thread::spawn(move || {
    |             ^^^^^^^^^^^^^^^^ help: if this is intentional, prefix it with an underscore: `_operation_handle`

warning: methods `parse_variable_expansion` and `parse_arithmetic_expression` are never used
    --> src/parser/commands.rs:1412:8
     |
  20 | impl Parser {
     | ----------- methods in this implementation
...
1412 |     fn parse_variable_expansion(&mut self) -> Result<Word, ParserError> {
     |        ^^^^^^^^^^^^^^^^^^^^^^^^
...
1487 |     fn parse_arithmetic_expression(&mut self) -> Result<Word, ParserError> {
     |        ^^^^^^^^^^^^^^^^^^^^^^^^^^^
     |
     = note: `#[warn(dead_code)]` (part of `#[warn(unused)]`) on by default

warning: function `parse_command` is never used
    --> src/parser/control_flow.rs:1075:4
     |
1075 | fn parse_command(parser: &mut Parser) -> Result<Command, ParserError> {
     |    ^^^^^^^^^^^^^

warning: function `parse_assignment` is never used
    --> src/parser/control_flow.rs:1285:4
     |
1285 | fn parse_assignment(parser: &mut Parser) -> Result<Command, ParserError> {
     |    ^^^^^^^^^^^^^^^^

warning: function `parse_parameter_expansion` is never used
    --> src/parser/words.rs:2367:4
     |
2367 | fn parse_parameter_expansion(_lexer: &mut Lexer) -> Result<Word, ParserError> {
     |    ^^^^^^^^^^^^^^^^^^^^^^^^^

warning: function `parse_simple_command_from_text` is never used
    --> src/parser/words.rs:2446:4
     |
2446 | fn parse_simple_command_from_text(text: &str) -> Result<Command, ParserError> {
     |    ^^^^^^^^^^^^^^^^^^^^^^^^^^^^^^

warning: function `escape_glob_pattern` is never used
 --> src/generator/commands/find.rs:4:4
  |
4 | fn escape_glob_pattern(pattern: &str) -> String {
  |    ^^^^^^^^^^^^^^^^^^^

warning: function `parse_size_to_bytes` is never used
   --> src/generator/commands/find.rs:285:4
    |
285 | fn parse_size_to_bytes(size_str: &str) -> u64 {
    |    ^^^^^^^^^^^^^^^^^^^

warning: function `generate_tr_linebyline_impl` is never used
  --> src/generator/commands/tr.rs:73:4
   |
73 | fn generate_tr_linebyline_impl(
   |    ^^^^^^^^^^^^^^^^^^^^^^^^^^^

warning: function `generate_tr_buffered_impl` is never used
   --> src/generator/commands/tr.rs:143:4
    |
143 | fn generate_tr_buffered_impl(
    |    ^^^^^^^^^^^^^^^^^^^^^^^^^

warning: function `is_variable_used_after_for_loop` is never used
   --> src/generator/control_flow.rs:241:4
    |
241 | fn is_variable_used_after_for_loop(
    |    ^^^^^^^^^^^^^^^^^^^^^^^^^^^^^^^

warning: fields `variable_usage` and `scope_depth` are never read
  --> src/variable_analysis.rs:8:5
   |
 6 | pub struct VariableUsageAnalyzer {
   |            --------------------- fields in this struct
 7 |     /// Maps variable names to their usage information
 8 |     variable_usage: HashMap<String, VariableUsageInfo>,
   |     ^^^^^^^^^^^^^^
 9 |     /// Current scope depth for tracking nested scopes
10 |     scope_depth: usize,
   |     ^^^^^^^^^^^
   |
   = note: `VariableUsageAnalyzer` has derived impls for the traits `Clone` and `Debug`, but these are intentionally ignored during dead code analysis

warning: `debashl` (lib test) generated 47 warnings (29 duplicates) (run `cargo fix --lib -p debashl --tests` to apply 5 suggestions)
warning: `debashl` (lib) generated 47 warnings (18 duplicates) (run `cargo fix --lib -p debashl` to apply 22 suggestions)
warning: unused import: `execute_with_progress`
  --> src/testing.rs:11:5
   |
11 |     execute_with_progress, execute_with_timeout, is_execution_frozen, OperationType,
   |     ^^^^^^^^^^^^^^^^^^^^^
   |
   = note: `#[warn(unused_imports)]` (part of `#[warn(unused)]`) on by default

warning: unused import: `debashl::parser::errors::ParserError`
  --> src/testing.rs:18:5
   |
18 | use debashl::parser::errors::ParserError;
   |     ^^^^^^^^^^^^^^^^^^^^^^^^^^^^^^^^^^^^

warning: unused variable: `operation_handle`
  --> src/testing.rs:29:9
   |
29 |     let operation_handle = std::thread::spawn(move || {
   |         ^^^^^^^^^^^^^^^^ help: if this is intentional, prefix it with an underscore: `_operation_handle`
   |
   = note: `#[warn(unused_variables)]` (part of `#[warn(unused)]`) on by default

warning: variable does not need to be mutable
    --> src/testing.rs:1490:9
     |
1490 |     let mut should_break = false;
     |         ----^^^^^^^^^^^^
     |         |
     |         help: remove this `mut`
     |
     = note: `#[warn(unused_mut)]` (part of `#[warn(unused)]`) on by default

warning: unused variable: `overall_start`
    --> src/testing.rs:1740:9
     |
1740 |     let overall_start = std::time::Instant::now();
     |         ^^^^^^^^^^^^^ help: if this is intentional, prefix it with an underscore: `_overall_start`

warning: unused variable: `test_loop_start`
    --> src/testing.rs:1799:9
     |
1799 |     let test_loop_start = std::time::Instant::now();
     |         ^^^^^^^^^^^^^^^ help: if this is intentional, prefix it with an underscore: `_test_loop_start`

warning: variable does not need to be mutable
    --> src/testing.rs:2481:9
     |
2481 |     let mut should_break = false;
     |         ----^^^^^^^^^^^^
     |         |
     |         help: remove this `mut`

warning: unused variable: `should_break`
    --> src/testing.rs:2481:9
     |
2481 |     let mut should_break = false;
     |         ^^^^^^^^^^^^^^^^ help: if this is intentional, prefix it with an underscore: `_should_break`

warning: variable `ast_options` is assigned to, but never used
   --> src/main.rs:121:9
    |
121 |     let mut ast_options = AstFormatOptions::default();
    |         ^^^^^^^^^^^^^^^
    |
    = note: consider using `_ast_options` instead

warning: value assigned to `ast_options` is never read
   --> src/main.rs:144:17
    |
144 |                 ast_options.compact = false;
    |                 ^^^^^^^^^^^^^^^^^^^^^^^^^^^
    |
    = help: maybe it is overwritten before being read?
    = note: `#[warn(unused_assignments)]` (part of `#[warn(unused)]`) on by default

warning: value assigned to `ast_options` is never read
   --> src/main.rs:145:17
    |
145 |                 ast_options.indent = true;
    |                 ^^^^^^^^^^^^^^^^^^^^^^^^^
    |
    = help: maybe it is overwritten before being read?

warning: value assigned to `ast_options` is never read
   --> src/main.rs:146:17
    |
146 |                 ast_options.newlines = true;
    |                 ^^^^^^^^^^^^^^^^^^^^^^^^^^^
    |
    = help: maybe it is overwritten before being read?

warning: value assigned to `ast_options` is never read
   --> src/main.rs:149:17
    |
149 |                 ast_options.compact = true;
    |                 ^^^^^^^^^^^^^^^^^^^^^^^^^^
    |
    = help: maybe it is overwritten before being read?

warning: value assigned to `ast_options` is never read
   --> src/main.rs:150:17
    |
150 |                 ast_options.indent = false;
    |                 ^^^^^^^^^^^^^^^^^^^^^^^^^^
    |
    = help: maybe it is overwritten before being read?

warning: value assigned to `ast_options` is never read
   --> src/main.rs:151:17
    |
151 |                 ast_options.newlines = false;
    |                 ^^^^^^^^^^^^^^^^^^^^^^^^^^^^
    |
    = help: maybe it is overwritten before being read?

warning: value assigned to `ast_options` is never read
   --> src/main.rs:154:17
    |
154 |                 ast_options.indent = true;
    |                 ^^^^^^^^^^^^^^^^^^^^^^^^^
    |
    = help: maybe it is overwritten before being read?

warning: value assigned to `ast_options` is never read
   --> src/main.rs:157:17
    |
157 |                 ast_options.indent = false;
    |                 ^^^^^^^^^^^^^^^^^^^^^^^^^^
    |
    = help: maybe it is overwritten before being read?

warning: value assigned to `ast_options` is never read
   --> src/main.rs:160:17
    |
160 |                 ast_options.newlines = true;
    |                 ^^^^^^^^^^^^^^^^^^^^^^^^^^^
    |
    = help: maybe it is overwritten before being read?

warning: value assigned to `ast_options` is never read
   --> src/main.rs:163:17
    |
163 |                 ast_options.newlines = false;
    |                 ^^^^^^^^^^^^^^^^^^^^^^^^^^^^
    |
    = help: maybe it is overwritten before being read?

warning: function `run_perl_script` is never used
  --> src/execution.rs:64:8
   |
64 | pub fn run_perl_script(script_path: &str) -> Result<std::process::Output, String> {
   |        ^^^^^^^^^^^^^^^
   |
   = note: `#[warn(dead_code)]` (part of `#[warn(unused)]`) on by default

warning: function `extract_line_col` is never used
 --> src/utils.rs:4:8
  |
4 | pub fn extract_line_col(e: &dyn std::error::Error) -> Option<(usize, usize)> {
  |        ^^^^^^^^^^^^^^^^

warning: function `parse_line_col` is never used
  --> src/utils.rs:19:8
   |
19 | pub fn parse_line_col(s: &str) -> Option<(usize, usize)> {
   |        ^^^^^^^^^^^^^^

warning: function `caret_snippet` is never used
  --> src/utils.rs:27:8
   |
27 | pub fn caret_snippet(input: &str, line: usize, col: usize) -> Option<String> {
   |        ^^^^^^^^^^^^^

warning: function `with_timeout` is never used
  --> src/testing.rs:23:4
   |
23 | fn with_timeout<F, T>(timeout_secs: u64, operation: F) -> Result<T, String>
   |    ^^^^^^^^^^^^

warning: fields `shell_duration` and `translated_duration` are never read
   --> src/testing.rs:123:9
    |
110 | pub struct TestResult {
    |            ---------- fields in this struct
...
123 |     pub shell_duration: std::time::Duration, // Shell execution time
    |         ^^^^^^^^^^^^^^
124 |     pub translated_duration: std::time::Duration, // Translated program execution time
    |         ^^^^^^^^^^^^^^^^^^^
    |
    = note: `TestResult` has a derived impl for the trait `Debug`, but this is intentionally ignored during dead code analysis

warning: function `test_file_equivalence_detailed` is never used
   --> src/testing.rs:707:8
    |
707 | pub fn test_file_equivalence_detailed(
    |        ^^^^^^^^^^^^^^^^^^^^^^^^^^^^^^

warning: function `test_all_examples_next_fail` is never used
    --> src/testing.rs:1729:8
     |
1729 | pub fn test_all_examples_next_fail(
     |        ^^^^^^^^^^^^^^^^^^^^^^^^^^^

warning: function `extract_core_perl_logic` is never used
   --> src/cli_commands.rs:206:4
    |
206 | fn extract_core_perl_logic(perl_code: &str) -> String {
    |    ^^^^^^^^^^^^^^^^^^^^^^^

warning: function `extract_preamble_and_core` is never used
   --> src/cli_commands.rs:236:4
    |
236 | fn extract_preamble_and_core(perl_code: &str) -> (String, String) {
    |    ^^^^^^^^^^^^^^^^^^^^^^^^^

warning: function `export_mir_to_json` is never used
   --> src/cli_commands.rs:476:8
    |
476 | pub fn export_mir_to_json(input: &str, _optimize: bool) {
    |        ^^^^^^^^^^^^^^^^^^

warning: variants `Parsing`, `CodeGeneration`, `FileOperations`, `TestExecution`, and `DebugFreeze` are never constructed
  --> src/timeout_manager.rs:11:5
   |
 8 | pub enum OperationType {
   |          ------------- variants in this enum
...
11 |     Parsing,            // Parsing shell scripts
   |     ^^^^^^^
12 |     CodeGeneration,     // Generating Perl code
   |     ^^^^^^^^^^^^^^
13 |     FileOperations,     // File I/O operations
   |     ^^^^^^^^^^^^^^
14 |     TestExecution,      // Overall test execution
   |     ^^^^^^^^^^^^^
15 |     DebugFreeze,        // Debug freeze pause
   |     ^^^^^^^^^^^
   |
   = note: `OperationType` has derived impls for the traits `Clone` and `Debug`, but these are intentionally ignored during dead code analysis

warning: methods `set_freeze_duration` and `get_freeze_duration` are never used
  --> src/timeout_manager.rs:74:12
   |
51 | impl DebugFreezeManager {
   | ----------------------- methods in this implementation
...
74 |     pub fn set_freeze_duration(&mut self, duration: Duration) {
   |            ^^^^^^^^^^^^^^^^^^^
...
78 |     pub fn get_freeze_duration(&self) -> Duration {
   |            ^^^^^^^^^^^^^^^^^^^

warning: methods `set_timeout` and `execute_with_progress` are never used
   --> src/timeout_manager.rs:117:12
    |
 90 | impl TimeoutManager {
    | ------------------- methods in this implementation
...
117 |     pub fn set_timeout(&mut self, operation: OperationType, duration: Duration) {
    |            ^^^^^^^^^^^
...
178 |     pub fn execute_with_progress<F, T>(&self, operation: OperationType, operation_fn: F) -> Result<T, String>
    |            ^^^^^^^^^^^^^^^^^^^^^

warning: function `execute_with_progress` is never used
   --> src/timeout_manager.rs:302:8
    |
302 | pub fn execute_with_progress<F, T>(operation: OperationType, operation_fn: F) -> Result<T, String>
    |        ^^^^^^^^^^^^^^^^^^^^^

warning: `debashl` (bin "debashc" test) generated 37 warnings (37 duplicates)
warning: `debashl` (bin "debashc") generated 37 warnings (3 duplicates) (run `cargo fix --bin "debashc" -p debashl` to apply 8 suggestions)
    Finished `test` profile [unoptimized + debuginfo] target(s) in 10.52s
     Running unittests src/lib.rs (target/debug/deps/debashl-30cbadcba736057d)

running 3 tests
test lexer::tests::test_basic_tokens ... ok
test lexer::tests::test_pipeline ... ok
test lexer::tests::test_variables ... ok

test result: ok. 3 passed; 0 failed; 0 ignored; 0 measured; 0 filtered out; finished in 0.00s

     Running unittests src/bin/convert_examples.rs (target/debug/deps/convert_examples-1bc3d7a723dab0d5)

running 0 tests

test result: ok. 0 passed; 0 failed; 0 ignored; 0 measured; 0 filtered out; finished in 0.00s

     Running unittests src/main.rs (target/debug/deps/debashc-a0e6a35ee428447a)

running 2 tests
test tests::test_lexer_basic ... ok
test tests::test_parser_basic ... ok

test result: ok. 2 passed; 0 failed; 0 ignored; 0 measured; 0 filtered out; finished in 0.00s

     Running unittests src/bin/debug_perl_literal.rs (target/debug/deps/debug_perl_literal-bf0d34c3a6cefa4d)

running 0 tests

test result: ok. 0 passed; 0 failed; 0 ignored; 0 measured; 0 filtered out; finished in 0.00s

     Running unittests src/bin/test_linebyline.rs (target/debug/deps/test_linebyline-e86a48412a13b806)

running 0 tests

test result: ok. 0 passed; 0 failed; 0 ignored; 0 measured; 0 filtered out; finished in 0.00s

     Running tests/regress_subshell_env.rs (target/debug/deps/regress_subshell_env-9d0310c4cf252c0e)

running 1 test
test subshell_with_env_assignments_generates_non_interpolating_literal ... ok

test result: ok. 1 passed; 0 failed; 0 ignored; 0 measured; 0 filtered out; finished in 0.00s

   Doc-tests debashl

running 0 tests

test result: ok. 0 passed; 0 failed; 0 ignored; 0 measured; 0 filtered out; finished in 0.00s

